hjcode.dat                                                      6780413d000002462112
fjcode.dat                                                      09b64e77000000006048
opcode.dat                                                      63375e2c000000096036
upcode.dat                                                      e966f45b000000002794
cjcode.dat                                                      79f5723f000001741624
pjcode.dat                                                      14739d8a000001030864
gpcode_n.dat                                                    6237c105000000001023
trcode.dat                                                      eae618e2000000001680
sihwang.dat                                                     c5295251000000021567
nkrealtime.dat                                                  eb7a9c95000000022982
frcode.dat                                                      2aecc325000000166328
thcode.dat                                                      9485d169000000345486
ewcode.dat                                                      6febe4d9000000003975
sfcode.dat                                                      0d3238dc000000521872
hkcode.dat                                                      24a52f96000000511736
hicode.dat                                                      809342cf000000004556
jpcode.dat                                                      102379b5000000791400
jicode.dat                                                      dbd70ef7000000014105
elcode.dat                                                      7b0f124b000000518016
cfcode.dat                                                      7e12103e000000026680
cocode.dat                                                      09069602000000013456
opcode_sf2.dat                                                  bdd5619f000000191364
infotm.dat                                                      ea8fe1f0000000542113
hjcode_m.dat                                                    12493916000001164320
elcode_m.dat                                                    19e352d6000000242820
hjcodej_m.dat                                                   e63cc754000000484500
hjcodea_m.dat                                                   7e269a21000000795084
hjcodee_m.dat                                                   40419b05000000469452
efcode.dat                                                      f8540c92000000081528
mopcode.dat                                                     1ffa4d80000000058074
mopcode_sf2.dat                                                 8b0523eb000000115668
cacode.dat                                                      f072568b000000259420
cucode.dat                                                      d0dde7a0000000008576
gpcode_s.dat                                                    a026f82a000000000891
cocode_sf.dat                                                   8dd3aedc000000013504
fmcode_x.dat                                                    03b5bc5b000005860116
kopcode.dat                                                     61962d47000000022810
kopcode_sf2.dat                                                 50e13a02000000045284
cmcode_w.dat                                                    d6cc3668000000000132
excode.dat                                                      04d1cef2000000000924
eucode_w.dat                                                    c8b2c28a000000094885
fucode.dat                                                      8534d541000000281604
nfwrealtime.dat                                                 f6fdc5f0000000012633
uscode_w.dat                                                    14f06679000003221932
uicode.dat                                                      d3013891000000008897
umcode.dat                                                      47575635000000059400
uucode.dat                                                      1c008e48000000002646
etfcategory.dat                                                 df555d2e000000015759
uetfcatelst.dat                                                 6f6d00dd000000319116
wkopcode.dat                                                    72a5c6b7000000002544
wkopcode_sf2.dat                                                0ae586c2000000004984
cacode_g.dat                                                    13aa860d000000422585
cucode_g.dat                                                    1cf0ab2f000000008576
hkcode_g.dat                                                    16759b2a000000768645
hicode_g.dat                                                    5be56b55000000004422
