[    2012ms] [LOG] Gather usage stats:  true @ http://localhost:8501/static/js/main.75ac1cb6.js:9
[    2339ms] [WARNING] Unrecognized feature: 'ambient-light-sensor'. @ http://localhost:8501/static/js/main.75ac1cb6.js:9
[    2340ms] [WARNING] Unrecognized feature: 'battery'. @ http://localhost:8501/static/js/main.75ac1cb6.js:9
[    2340ms] [WARNING] Unrecognized feature: 'document-domain'. @ http://localhost:8501/static/js/main.75ac1cb6.js:9
[    2340ms] [WARNING] Unrecognized feature: 'layout-animations'. @ http://localhost:8501/static/js/main.75ac1cb6.js:9
[    2340ms] [WARNING] Unrecognized feature: 'legacy-image-formats'. @ http://localhost:8501/static/js/main.75ac1cb6.js:9
[    2340ms] [WARNING] Unrecognized feature: 'oversized-images'. @ http://localhost:8501/static/js/main.75ac1cb6.js:9
[    2340ms] [WARNING] Unrecognized feature: 'vr'. @ http://localhost:8501/static/js/main.75ac1cb6.js:9
[    2340ms] [WARNING] Unrecognized feature: 'wake-lock'. @ http://localhost:8501/static/js/main.75ac1cb6.js:9
[    2396ms] [WARNING] An iframe which has both allow-scripts and allow-same-origin for its sandbox attribute can escape its sandboxing. @ about:srcdoc:0
[    4935ms] [WARNING] An iframe which has both allow-scripts and allow-same-origin for its sandbox attribute can escape its sandboxing. @ about:srcdoc:0
[    5778ms] [WARNING] WARN Infinite extent for field "low": [Infinity, -Infinity] @ http://localhost:8501/static/js/7612.3f409b56.chunk.js:1
[    5779ms] [WARNING] WARN Infinite extent for field "high": [Infinity, -Infinity] @ http://localhost:8501/static/js/7612.3f409b56.chunk.js:1
[    5779ms] [WARNING] WARN Infinite extent for field "body_low": [Infinity, -Infinity] @ http://localhost:8501/static/js/7612.3f409b56.chunk.js:1
[    5779ms] [WARNING] WARN Infinite extent for field "body_high": [Infinity, -Infinity] @ http://localhost:8501/static/js/7612.3f409b56.chunk.js:1
[    5779ms] [WARNING] WARN Infinite extent for field "ma_overlay": [Infinity, -Infinity] @ http://localhost:8501/static/js/7612.3f409b56.chunk.js:1
[    5779ms] [WARNING] WARN Infinite extent for field "contract_overlay_1": [Infinity, -Infinity] @ http://localhost:8501/static/js/7612.3f409b56.chunk.js:1
[    5779ms] [WARNING] WARN Infinite extent for field "value": [Infinity, -Infinity] @ http://localhost:8501/static/js/7612.3f409b56.chunk.js:1
[    5779ms] [WARNING] WARN Infinite extent for field "value": [Infinity, -Infinity] @ http://localhost:8501/static/js/7612.3f409b56.chunk.js:1
[    5779ms] [WARNING] WARN Infinite extent for field "value": [Infinity, -Infinity] @ http://localhost:8501/static/js/7612.3f409b56.chunk.js:1
[    5780ms] [WARNING] WARN Infinite extent for field "value": [Infinity, -Infinity] @ http://localhost:8501/static/js/7612.3f409b56.chunk.js:1
[    5845ms] [WARNING] WARN Infinite extent for field "value": [Infinity, -Infinity] @ http://localhost:8501/static/js/7612.3f409b56.chunk.js:1
[    6123ms] [WARNING] WARN Infinite extent for field "value": [Infinity, -Infinity] @ http://localhost:8501/static/js/7612.3f409b56.chunk.js:1
[    6137ms] [WARNING] WARN Infinite extent for field "value": [Infinity, -Infinity] @ http://localhost:8501/static/js/7612.3f409b56.chunk.js:1
[    6147ms] [WARNING] WARN Infinite extent for field "value": [Infinity, -Infinity] @ http://localhost:8501/static/js/7612.3f409b56.chunk.js:1
[  296778ms] [WARNING] WARN Infinite extent for field "value": [Infinity, -Infinity] @ http://localhost:8501/static/js/7612.3f409b56.chunk.js:1
[  299050ms] [ERROR] Failed to load resource: net::ERR_CONNECTION_REFUSED @ http://localhost:8501/_stcore/health:0
[  299050ms] [ERROR] Failed to load resource: net::ERR_CONNECTION_REFUSED @ http://localhost:8501/_stcore/host-config:0
[  299667ms] [ERROR] Failed to load resource: net::ERR_CONNECTION_REFUSED @ http://localhost:8501/_stcore/health:0
[  301885ms] [ERROR] Failed to load resource: net::ERR_CONNECTION_REFUSED @ http://localhost:8501/_stcore/host-config:0
[  301887ms] [ERROR] Failed to load resource: net::ERR_CONNECTION_REFUSED @ http://localhost:8501/_stcore/health:0
[  302953ms] [ERROR] Failed to load resource: net::ERR_CONNECTION_REFUSED @ http://localhost:8501/_stcore/host-config:0
[  304225ms] [ERROR] Failed to load resource: net::ERR_CONNECTION_REFUSED @ http://localhost:8501/_stcore/health:0
[  306286ms] [ERROR] Failed to load resource: net::ERR_CONNECTION_REFUSED @ http://localhost:8501/_stcore/host-config:0
[  311224ms] [ERROR] Failed to load resource: net::ERR_CONNECTION_REFUSED @ http://localhost:8501/_stcore/health:0
[  311224ms] [ERROR] Failed to load resource: net::ERR_CONNECTION_REFUSED @ http://localhost:8501/_stcore/host-config:0
[  320366ms] [WARNING] WARN Infinite extent for field "value": [Infinity, -Infinity] @ http://localhost:8501/static/js/7612.3f409b56.chunk.js:1
