[    2477ms] [LOG] Gather usage stats:  true @ http://localhost:8501/static/js/main.75ac1cb6.js:9
[    3021ms] [WARNING] Unrecognized feature: 'ambient-light-sensor'. @ http://localhost:8501/static/js/main.75ac1cb6.js:9
[    3021ms] [WARNING] Unrecognized feature: 'battery'. @ http://localhost:8501/static/js/main.75ac1cb6.js:9
[    3021ms] [WARNING] Unrecognized feature: 'document-domain'. @ http://localhost:8501/static/js/main.75ac1cb6.js:9
[    3021ms] [WARNING] Unrecognized feature: 'layout-animations'. @ http://localhost:8501/static/js/main.75ac1cb6.js:9
[    3021ms] [WARNING] Unrecognized feature: 'legacy-image-formats'. @ http://localhost:8501/static/js/main.75ac1cb6.js:9
[    3021ms] [WARNING] Unrecognized feature: 'oversized-images'. @ http://localhost:8501/static/js/main.75ac1cb6.js:9
[    3021ms] [WARNING] Unrecognized feature: 'vr'. @ http://localhost:8501/static/js/main.75ac1cb6.js:9
[    3021ms] [WARNING] Unrecognized feature: 'wake-lock'. @ http://localhost:8501/static/js/main.75ac1cb6.js:9
[    3072ms] [WARNING] An iframe which has both allow-scripts and allow-same-origin for its sandbox attribute can escape its sandboxing. @ about:srcdoc:0
[    6337ms] [WARNING] An iframe which has both allow-scripts and allow-same-origin for its sandbox attribute can escape its sandboxing. @ about:srcdoc:0
[    7060ms] [WARNING] WARN Infinite extent for field "low": [Infinity, -Infinity] @ http://localhost:8501/static/js/7612.3f409b56.chunk.js:1
[    7060ms] [WARNING] WARN Infinite extent for field "high": [Infinity, -Infinity] @ http://localhost:8501/static/js/7612.3f409b56.chunk.js:1
[    7060ms] [WARNING] WARN Infinite extent for field "body_low": [Infinity, -Infinity] @ http://localhost:8501/static/js/7612.3f409b56.chunk.js:1
[    7060ms] [WARNING] WARN Infinite extent for field "body_high": [Infinity, -Infinity] @ http://localhost:8501/static/js/7612.3f409b56.chunk.js:1
[    7060ms] [WARNING] WARN Infinite extent for field "ma_overlay": [Infinity, -Infinity] @ http://localhost:8501/static/js/7612.3f409b56.chunk.js:1
[    7060ms] [WARNING] WARN Infinite extent for field "contract_overlay_1": [Infinity, -Infinity] @ http://localhost:8501/static/js/7612.3f409b56.chunk.js:1
[    7060ms] [WARNING] WARN Infinite extent for field "value": [Infinity, -Infinity] @ http://localhost:8501/static/js/7612.3f409b56.chunk.js:1
[    7061ms] [WARNING] WARN Infinite extent for field "value": [Infinity, -Infinity] @ http://localhost:8501/static/js/7612.3f409b56.chunk.js:1
[    7061ms] [WARNING] WARN Infinite extent for field "value": [Infinity, -Infinity] @ http://localhost:8501/static/js/7612.3f409b56.chunk.js:1
[    7061ms] [WARNING] WARN Infinite extent for field "value": [Infinity, -Infinity] @ http://localhost:8501/static/js/7612.3f409b56.chunk.js:1
[    7127ms] [WARNING] WARN Infinite extent for field "value": [Infinity, -Infinity] @ http://localhost:8501/static/js/7612.3f409b56.chunk.js:1
[   14995ms] [WARNING] WARN Infinite extent for field "value": [Infinity, -Infinity] @ http://localhost:8501/static/js/7612.3f409b56.chunk.js:1
[   15011ms] [WARNING] WARN Infinite extent for field "value": [Infinity, -Infinity] @ http://localhost:8501/static/js/7612.3f409b56.chunk.js:1
[   15552ms] [WARNING] WARN Infinite extent for field "value": [Infinity, -Infinity] @ http://localhost:8501/static/js/7612.3f409b56.chunk.js:1
[  141663ms] [WARNING] WARN Infinite extent for field "value": [Infinity, -Infinity] @ http://localhost:8501/static/js/7612.3f409b56.chunk.js:1
[  143886ms] [ERROR] Failed to load resource: net::ERR_CONNECTION_REFUSED @ http://localhost:8501/_stcore/health:0
[  143900ms] [ERROR] Failed to load resource: net::ERR_CONNECTION_REFUSED @ http://localhost:8501/_stcore/host-config:0
[  146752ms] [ERROR] Failed to load resource: net::ERR_CONNECTION_REFUSED @ http://localhost:8501/_stcore/health:0
[  146766ms] [ERROR] Failed to load resource: net::ERR_CONNECTION_REFUSED @ http://localhost:8501/_stcore/host-config:0
[  150170ms] [ERROR] Failed to load resource: net::ERR_CONNECTION_REFUSED @ http://localhost:8501/_stcore/health:0
[  150170ms] [ERROR] Failed to load resource: net::ERR_CONNECTION_REFUSED @ http://localhost:8501/_stcore/host-config:0
[  154733ms] [ERROR] Failed to load resource: net::ERR_CONNECTION_REFUSED @ http://localhost:8501/_stcore/health:0
[  154763ms] [ERROR] Failed to load resource: net::ERR_CONNECTION_REFUSED @ http://localhost:8501/_stcore/host-config:0
